raw='toggle shield off' cmd='toggle' is_meta=True args=['shield', 'off']
raw='toggle shield off' cmd='toggle' is_meta=True args=['shield', 'off']
raw='m' cmd='m' is_meta=False args=[]
raw='?' cmd='help' is_meta=True args=[]
raw='toggle shield off' cmd='toggle' is_meta=True args=['shield', 'off']
TOGGLE: entity_uuid=None turn_keys=['encounter_active', 'round_number', 'turn_index', 'current_entity_uuid', 'current_entity_name', 'is_human_turn', 'waiting_for_input', 'controller_type', 'actions_remaining', 'bonus_actions_remaining', 'reactions_remaining', 'movement_remaining']
raw='toggle shield off' cmd='toggle' is_meta=True args=['shield', 'off']
TOGGLE: entity_uuid=None turn_keys=['encounter_active', 'round_number', 'turn_index', 'current_entity_uuid', 'current_entity_name', 'is_human_turn', 'waiting_for_input', 'controller_type', 'actions_remaining', 'bonus_actions_remaining', 'reactions_remaining', 'movement_remaining']
raw='move' cmd='move' is_meta=False args=[]
raw='toggle shield off' cmd='toggle' is_meta=True args=['shield', 'off']
TOGGLE: name='shield' enabled=False entity='52c666e7-c8f8-4cb7-a80f-0afaa3d8b7bc'
TOGGLE: SUCCESS
raw='to sh off' cmd='toggle' is_meta=True args=['sh', 'off']
TOGGLE: name='Shield' enabled=False entity='c28f1601-5b2e-4374-bce8-eb91c2e24f8f'
TOGGLE: SUCCESS
raw='to oah off' cmd='toggle' is_meta=True args=['oah', 'off']
TOGGLE: name='Opportunity Attack Handler' enabled=False entity='c28f1601-5b2e-4374-bce8-eb91c2e24f8f'
TOGGLE: SUCCESS
raw='dgip' cmd='dgip' is_meta=False args=[]
raw='dash' cmd='dash' is_meta=False args=[]
raw='' cmd='unknown' is_meta=True args=[]
raw='toggle sh on' cmd='toggle' is_meta=True args=['sh', 'on']
TOGGLE: name='Shield' enabled=True entity='c28f1601-5b2e-4374-bce8-eb91c2e24f8f'
TOGGLE: SUCCESS
raw='' cmd='unknown' is_meta=True args=[]
